<?xml version="1.0" encoding="utf-8"?><testsuites name="pytest tests"><testsuite name="pytest" errors="0" failures="2" skipped="0" tests="79" time="68.794" timestamp="2025-12-26T01:41:12.532597+05:30" hostname="DESKTOP-T6BR65L"><testcase classname="tests.test_analytics_routes.TestAnalyticsRoutes" name="test_get_insights" time="0.236" /><testcase classname="tests.test_analytics_routes.TestAnalyticsRoutes" name="test_get_insights_no_data" time="0.042" /><testcase classname="tests.test_analytics_routes.TestAnalyticsRoutes" name="test_get_insights_unauthorized" time="0.018" /><testcase classname="tests.test_analytics_routes.TestAnalyticsRoutes" name="test_spending_by_category" time="0.057" /><testcase classname="tests.test_analytics_routes.TestAnalyticsRoutes" name="test_spending_by_category_structure" time="0.052" /><testcase classname="tests.test_analytics_routes.TestAnalyticsRoutes" name="test_monthly_trends" time="0.055" /><testcase classname="tests.test_analytics_routes.TestAnalyticsRoutes" name="test_monthly_trends_format" time="0.053" /><testcase classname="tests.test_analytics_routes.TestAnalyticsRoutes" name="test_top_vendors" time="0.059" /><testcase classname="tests.test_analytics_routes.TestAnalyticsRoutes" name="test_top_vendors_limit" time="0.056" /><testcase classname="tests.test_analytics_routes.TestAnalyticsRoutes" name="test_top_vendors_structure" time="0.054" /><testcase classname="tests.test_analytics_routes.TestAnalyticsRoutes" name="test_analytics_user_isolation" time="0.071" /><testcase classname="tests.test_auth_routes.TestAuthRoutes" name="test_register_new_user" time="0.047" /><testcase classname="tests.test_auth_routes.TestAuthRoutes" name="test_register_duplicate_email" time="0.040" /><testcase classname="tests.test_auth_routes.TestAuthRoutes" name="test_register_duplicate_username" time="0.038" /><testcase classname="tests.test_auth_routes.TestAuthRoutes" name="test_register_invalid_email" time="0.016" /><testcase classname="tests.test_auth_routes.TestAuthRoutes" name="test_login_success" time="0.069" /><testcase classname="tests.test_auth_routes.TestAuthRoutes" name="test_login_wrong_password" time="0.064" /><testcase classname="tests.test_auth_routes.TestAuthRoutes" name="test_login_nonexistent_user" time="0.025" /><testcase classname="tests.test_auth_routes.TestAuthRoutes" name="test_get_current_user" time="0.044" /><testcase classname="tests.test_auth_routes.TestAuthRoutes" name="test_get_current_user_unauthorized" time="0.014" /><testcase classname="tests.test_auth_routes.TestAuthRoutes" name="test_get_current_user_invalid_token" time="0.019" /><testcase classname="tests.test_auth_routes.TestAuthRoutes" name="test_update_current_user" time="0.048" /><testcase classname="tests.test_auth_routes.TestAuthRoutes" name="test_refresh_token" time="0.068" /><testcase classname="tests.test_auth_routes.TestAuthRoutes" name="test_logout" time="0.044" /><testcase classname="tests.test_categorize_routes.TestCategorizeRoutes" name="test_categorize_vendor" time="0.016" /><testcase classname="tests.test_categorize_routes.TestCategorizeRoutes" name="test_categorize_known_vendor" time="0.020" /><testcase classname="tests.test_categorize_routes.TestCategorizeRoutes" name="test_categorize_unknown_vendor" time="0.014" /><testcase classname="tests.test_chatbot_routes.TestChatbotRoutes" name="test_chatbot_query" time="0.051" /><testcase classname="tests.test_chatbot_routes.TestChatbotRoutes" name="test_chatbot_query_no_transactions" time="0.019"><failure message="assert 'no transactions' in &quot;i don't see any transactions in your account yet. once you start adding transactions, i'll be able to help you analyze your spending patterns and provide financial insights!&quot;&#10; +  where &quot;i don't see any transactions in your account yet. once you start adding transactions, i'll be able to help you analyze your spending patterns and provide financial insights!&quot; = &lt;built-in method lower of str object at 0x0000021369873210&gt;()&#10; +    where &lt;built-in method lower of str object at 0x0000021369873210&gt; = &quot;I don't see any transactions in your account yet. Once you start adding transactions, I'll be able to help you analyze your spending patterns and provide financial insights!&quot;.lower">tests\test_chatbot_routes.py:43: in test_chatbot_query_no_transactions
    assert "no transactions" in data["response"].lower()
E   assert 'no transactions' in "i don't see any transactions in your account yet. once you start adding transactions, i'll be able to help you analyze your spending patterns and provide financial insights!"
E    +  where "i don't see any transactions in your account yet. once you start adding transactions, i'll be able to help you analyze your spending patterns and provide financial insights!" = &lt;built-in method lower of str object at 0x0000021369873210&gt;()
E    +    where &lt;built-in method lower of str object at 0x0000021369873210&gt; = "I don't see any transactions in your account yet. Once you start adding transactions, I'll be able to help you analyze your spending patterns and provide financial insights!".lower</failure></testcase><testcase classname="tests.test_chatbot_routes.TestChatbotRoutes" name="test_chatbot_summary" time="0.051" /><testcase classname="tests.test_chatbot_routes.TestChatbotRoutes" name="test_quick_insights" time="0.047" /><testcase classname="tests.test_chatbot_routes.TestChatbotRoutes" name="test_quick_insights_no_data" time="0.018" /><testcase classname="tests.test_enhanced_chatbot_routes.TestEnhancedChatbotRoutes" name="test_enhanced_ask" time="8.183" /><testcase classname="tests.test_enhanced_chatbot_routes.TestEnhancedChatbotRoutes" name="test_enhanced_ask_no_cache" time="4.166" /><testcase classname="tests.test_enhanced_chatbot_routes.TestEnhancedChatbotRoutes" name="test_enhanced_ask_no_context" time="4.147" /><testcase classname="tests.test_enhanced_chatbot_routes.TestEnhancedChatbotRoutes" name="test_enhanced_ask_refresh_session" time="8.202" /><testcase classname="tests.test_enhanced_chatbot_routes.TestEnhancedChatbotRoutes" name="test_enhanced_ask_no_data" time="8.214" /><testcase classname="tests.test_enhanced_chatbot_routes.TestEnhancedChatbotRoutes" name="test_data_quality_report" time="0.054" /><testcase classname="tests.test_enhanced_chatbot_routes.TestEnhancedChatbotRoutes" name="test_data_quality_structure" time="0.055" /><testcase classname="tests.test_enhanced_chatbot_routes.TestEnhancedChatbotRoutes" name="test_save_conversation" time="0.044" /><testcase classname="tests.test_enhanced_chatbot_routes.TestEnhancedChatbotRoutes" name="test_enhanced_chatbot_unauthorized" time="0.015" /><testcase classname="tests.test_health_routes.TestHealthRoutes" name="test_root_endpoint" time="0.015" /><testcase classname="tests.test_health_routes.TestHealthRoutes" name="test_health_check" time="0.014" /><testcase classname="tests.test_health_routes.TestHealthRoutes" name="test_health_check_response_structure" time="0.013" /><testcase classname="tests.test_monthly_routes.TestMonthlyRoutes" name="test_monthly_summary_current" time="0.071" /><testcase classname="tests.test_monthly_routes.TestMonthlyRoutes" name="test_monthly_summary_specific_month" time="0.062" /><testcase classname="tests.test_monthly_routes.TestMonthlyRoutes" name="test_monthly_summary_structure" time="0.055" /><testcase classname="tests.test_monthly_routes.TestMonthlyRoutes" name="test_yearly_overview" time="0.056" /><testcase classname="tests.test_monthly_routes.TestMonthlyRoutes" name="test_yearly_overview_specific_year" time="0.056" /><testcase classname="tests.test_monthly_routes.TestMonthlyRoutes" name="test_yearly_overview_structure" time="0.054" /><testcase classname="tests.test_monthly_routes.TestMonthlyRoutes" name="test_monthly_unauthorized" time="0.021" /><testcase classname="tests.test_predictions_routes.TestPredictionsRoutes" name="test_create_savings_goal" time="0.025" /><testcase classname="tests.test_predictions_routes.TestPredictionsRoutes" name="test_savings_goal_achievable" time="0.024" /><testcase classname="tests.test_predictions_routes.TestPredictionsRoutes" name="test_savings_goal_validation_negative_amount" time="0.014" /><testcase classname="tests.test_predictions_routes.TestPredictionsRoutes" name="test_savings_goal_validation_zero_months" time="0.016" /><testcase classname="tests.test_predictions_routes.TestPredictionsRoutes" name="test_train_models" time="0.096" /><testcase classname="tests.test_predictions_routes.TestPredictionsRoutes" name="test_train_models_no_data" time="0.040" /><testcase classname="tests.test_quick_routes.TestQuickRoutes" name="test_quick_parse_sms" time="8.224" /><testcase classname="tests.test_quick_routes.TestQuickRoutes" name="test_quick_parse_sms_local" time="0.085" /><testcase classname="tests.test_quick_routes.TestQuickRoutes" name="test_parse_sms_batch" time="21.483" /><testcase classname="tests.test_quick_routes.TestQuickRoutes" name="test_parse_sms_batch_local" time="0.072" /><testcase classname="tests.test_quick_routes.TestQuickRoutes" name="test_job_status" time="0.053" /><testcase classname="tests.test_quick_routes.TestQuickRoutes" name="test_job_status_not_found" time="0.015" /><testcase classname="tests.test_quick_routes.TestQuickRoutes" name="test_cleanup_job" time="0.056" /><testcase classname="tests.test_quick_routes.TestQuickRoutes" name="test_quick_routes_unauthorized" time="0.017" /><testcase classname="tests.test_transaction_routes.TestTransactionRoutes" name="test_parse_sms_authenticated" time="0.056" /><testcase classname="tests.test_transaction_routes.TestTransactionRoutes" name="test_parse_sms_unauthorized" time="0.021" /><testcase classname="tests.test_transaction_routes.TestTransactionRoutes" name="test_get_transactions" time="0.060" /><testcase classname="tests.test_transaction_routes.TestTransactionRoutes" name="test_get_transactions_pagination" time="0.056" /><testcase classname="tests.test_transaction_routes.TestTransactionRoutes" name="test_get_transactions_unauthorized" time="0.021" /><testcase classname="tests.test_transaction_routes.TestTransactionRoutes" name="test_get_transactions_user_isolation" time="0.103" /><testcase classname="tests.test_transaction_routes.TestTransactionRoutes" name="test_get_transaction_by_id" time="0.060" /><testcase classname="tests.test_transaction_routes.TestTransactionRoutes" name="test_get_transaction_not_found" time="0.048" /><testcase classname="tests.test_transaction_routes.TestTransactionRoutes" name="test_create_transaction" time="0.052"><failure message="pydantic_core._pydantic_core.ValidationError: 1 validation error for TransactionResponse&#10;sms_text&#10;  Input should be a valid string [type=string_type, input_value=None, input_type=NoneType]&#10;    For further information visit https://errors.pydantic.dev/2.12/v/string_type">tests\test_transaction_routes.py:113: in test_create_transaction
    response = client.post(
venv\Lib\site-packages\starlette\testclient.py:546: in post
    return super().post(
venv\Lib\site-packages\httpx\_client.py:1144: in post
    return self.request(
venv\Lib\site-packages\starlette\testclient.py:445: in request
    return super().request(
venv\Lib\site-packages\httpx\_client.py:825: in request
    return self.send(request, auth=auth, follow_redirects=follow_redirects)
           ^^^^^^^^^^^^^^^^^^^^^^^^^^^^^^^^^^^^^^^^^^^^^^^^^^^^^^^^^^^^^^^^
venv\Lib\site-packages\httpx\_client.py:914: in send
    response = self._send_handling_auth(
venv\Lib\site-packages\httpx\_client.py:942: in _send_handling_auth
    response = self._send_handling_redirects(
venv\Lib\site-packages\httpx\_client.py:979: in _send_handling_redirects
    response = self._send_single_request(request)
               ^^^^^^^^^^^^^^^^^^^^^^^^^^^^^^^^^^
venv\Lib\site-packages\httpx\_client.py:1014: in _send_single_request
    response = transport.handle_request(request)
               ^^^^^^^^^^^^^^^^^^^^^^^^^^^^^^^^^
venv\Lib\site-packages\starlette\testclient.py:348: in handle_request
    raise exc
venv\Lib\site-packages\starlette\testclient.py:345: in handle_request
    portal.call(self.app, scope, receive, send)
venv\Lib\site-packages\anyio\from_thread.py:326: in call
    return cast(T_Retval, self.start_task_soon(func, *args).result())
                          ^^^^^^^^^^^^^^^^^^^^^^^^^^^^^^^^^^^^^^^^^^
C:\Users\soham\AppData\Local\Programs\Python\Python312\Lib\concurrent\futures\_base.py:456: in result
    return self.__get_result()
           ^^^^^^^^^^^^^^^^^^^
C:\Users\soham\AppData\Local\Programs\Python\Python312\Lib\concurrent\futures\_base.py:401: in __get_result
    raise self._exception
venv\Lib\site-packages\anyio\from_thread.py:257: in _call_func
    retval = await retval_or_awaitable
             ^^^^^^^^^^^^^^^^^^^^^^^^^
venv\Lib\site-packages\fastapi\applications.py:1135: in __call__
    await super().__call__(scope, receive, send)
venv\Lib\site-packages\starlette\applications.py:107: in __call__
    await self.middleware_stack(scope, receive, send)
venv\Lib\site-packages\starlette\middleware\errors.py:186: in __call__
    raise exc
venv\Lib\site-packages\starlette\middleware\errors.py:164: in __call__
    await self.app(scope, receive, _send)
venv\Lib\site-packages\starlette\middleware\cors.py:85: in __call__
    await self.app(scope, receive, send)
venv\Lib\site-packages\starlette\middleware\exceptions.py:63: in __call__
    await wrap_app_handling_exceptions(self.app, conn)(scope, receive, send)
venv\Lib\site-packages\starlette\_exception_handler.py:53: in wrapped_app
    raise exc
venv\Lib\site-packages\starlette\_exception_handler.py:42: in wrapped_app
    await app(scope, receive, sender)
venv\Lib\site-packages\fastapi\middleware\asyncexitstack.py:18: in __call__
    await self.app(scope, receive, send)
venv\Lib\site-packages\starlette\routing.py:716: in __call__
    await self.middleware_stack(scope, receive, send)
venv\Lib\site-packages\starlette\routing.py:736: in app
    await route.handle(scope, receive, send)
venv\Lib\site-packages\starlette\routing.py:290: in handle
    await self.app(scope, receive, send)
venv\Lib\site-packages\fastapi\routing.py:119: in app
    await wrap_app_handling_exceptions(app, request)(scope, receive, send)
venv\Lib\site-packages\starlette\_exception_handler.py:53: in wrapped_app
    raise exc
venv\Lib\site-packages\starlette\_exception_handler.py:42: in wrapped_app
    await app(scope, receive, sender)
venv\Lib\site-packages\fastapi\routing.py:105: in app
    response = await f(request)
               ^^^^^^^^^^^^^^^^
venv\Lib\site-packages\fastapi\routing.py:426: in app
    raw_response = await run_endpoint_function(
venv\Lib\site-packages\fastapi\routing.py:312: in run_endpoint_function
    return await dependant.call(**values)
           ^^^^^^^^^^^^^^^^^^^^^^^^^^^^^^
app\routes\transaction_routes.py:157: in create_transaction
    return TransactionResponse(
E   pydantic_core._pydantic_core.ValidationError: 1 validation error for TransactionResponse
E   sms_text
E     Input should be a valid string [type=string_type, input_value=None, input_type=NoneType]
E       For further information visit https://errors.pydantic.dev/2.12/v/string_type</failure></testcase><testcase classname="tests.test_transaction_routes.TestTransactionRoutes" name="test_update_transaction" time="0.060" /><testcase classname="tests.test_transaction_routes.TestTransactionRoutes" name="test_update_transaction_not_owned" time="0.079" /><testcase classname="tests.test_transaction_routes.TestTransactionRoutes" name="test_delete_transaction" time="0.069" /><testcase classname="tests.test_transaction_routes.TestTransactionRoutes" name="test_search_transactions" time="0.069" /><testcase classname="tests.test_transaction_routes.TestTransactionRoutes" name="test_ml_info" time="0.016" /></testsuite></testsuites>